// Jest Snapshot v1, https://goo.gl/fbAQLP

exports[`Item renders snapshot 1`] = `
<div
  className="sc-dlfnbm gebkuo"
>
  <span
    className="sc-hKgILt ijxRwA"
    width="40%"
  >
    <a
      href="https://reactjs.org/"
    >
      React
    </a>
  </span>
  <span
    className="sc-hKgILt ijyEDH"
    width="30%"
  >
    Jordan Walke
  </span>
  <span
    className="sc-hKgILt ijyfCN"
    width="10%"
  >
    3
  </span>
  <span
    className="sc-hKgILt ijyfCN"
    width="10%"
  >
    4
  </span>
  <span
    className="sc-hKgILt ijyfCN"
    width="10%"
  >
    <button
      className="sc-eCssSg sc-jSgupP hQblwU eWGXOQ"
      onClick={[Function]}
      type="button"
    >
      <svg
        height="18px"
        width="18px"
      >
        check.svg
      </svg>
    </button>
  </span>
</div>
`;
